../Core/Src/main.c:136:5:main	112	static
../Core/Src/main.c:267:6:SystemClock_Config	120	static
../Core/Src/main.c:334:6:Read_Power_Monitoring_Data	8	static
../Core/Src/main.c:340:6:Read_Encoder	8	static
../Core/Src/main.c:344:6:Read_Driver_Param	8	static
../Core/Src/main.c:352:6:Control_Loop	8	static
../Core/Src/main.c:364:6:Device_Init	56	static
../Core/Src/main.c:395:6:Watchog_Timer_Trigger	8	static
../Core/Src/main.c:403:6:Test_Fram	64	static
../Core/Src/main.c:578:1:__io_putchar	16	static
../Core/Src/main.c:586:6:HAL_TIM_PeriodElapsedCallback	24	static
../Core/Src/main.c:592:10:micro	12	static
../Core/Src/main.c:601:6:Error_Handler	4	static,ignoring_inline_asm
