../Core/Src/tim.c:38:6:MX_TIM1_Init	56	static
../Core/Src/tim.c:84:6:MX_TIM2_Init	64	static
../Core/Src/tim.c:138:6:MX_TIM3_Init	56	static
../Core/Src/tim.c:182:6:MX_TIM4_Init	64	static
../Core/Src/tim.c:235:6:MX_TIM6_Init	24	static
../Core/Src/tim.c:268:6:MX_TIM7_Init	24	static
../Core/Src/tim.c:301:6:MX_TIM15_Init	40	static
../Core/Src/tim.c:342:6:MX_TIM17_Init	8	static
../Core/Src/tim.c:369:6:HAL_TIM_Encoder_MspInit	56	static
../Core/Src/tim.c:423:6:HAL_TIM_Base_MspInit	40	static
../Core/Src/tim.c:517:6:HAL_TIM_MspPostInit	40	static
../Core/Src/tim.c:545:6:HAL_TIM_Encoder_MspDeInit	16	static
../Core/Src/tim.c:586:6:HAL_TIM_Base_MspDeInit	16	static
